// Jest Snapshot v1, https://goo.gl/fbAQLP

exports[`generic, github and spaces 1`] = `
Object {
  "linux": Array [
    Object {
      "arch": "x64",
      "file": "TestApp-1.1.0-x86_64.AppImage",
      "updateInfo": Object {
        "blockMapSize": "@blockMapSize",
        "sha512": "@sha512",
        "size": "@size",
      },
    },
    Object {
      "file": "alpha-linux.yml",
      "fileContent": Object {
        "files": Array [
          Object {
            "blockMapSize": "@blockMapSize",
            "sha512": "@sha512",
            "size": "@size",
            "url": "TestApp-1.1.0-x86_64.AppImage",
          },
        ],
        "path": "TestApp-1.1.0-x86_64.AppImage",
        "releaseDate": "@releaseDate",
        "sha512": "@sha512",
        "version": "1.1.0",
      },
    },
    Object {
      "file": "alpha-linux.yml",
      "fileContent": Object {
        "files": Array [
          Object {
            "blockMapSize": "@blockMapSize",
            "sha512": "@sha512",
            "size": "@size",
            "url": "TestApp-1.1.0-x86_64.AppImage",
          },
        ],
        "path": "TestApp-1.1.0-x86_64.AppImage",
        "releaseDate": "@releaseDate",
        "sha512": "@sha512",
        "version": "1.1.0",
      },
    },
    Object {
      "file": "beta-linux.yml",
      "fileContent": Object {
        "files": Array [
          Object {
            "blockMapSize": "@blockMapSize",
            "sha512": "@sha512",
            "size": "@size",
            "url": "TestApp-1.1.0-x86_64.AppImage",
          },
        ],
        "path": "TestApp-1.1.0-x86_64.AppImage",
        "releaseDate": "@releaseDate",
        "sha512": "@sha512",
        "version": "1.1.0",
      },
    },
    Object {
      "file": "beta-linux.yml",
      "fileContent": Object {
        "files": Array [
          Object {
            "blockMapSize": "@blockMapSize",
            "sha512": "@sha512",
            "size": "@size",
            "url": "TestApp-1.1.0-x86_64.AppImage",
          },
        ],
        "path": "TestApp-1.1.0-x86_64.AppImage",
        "releaseDate": "@releaseDate",
        "sha512": "@sha512",
        "version": "1.1.0",
      },
    },
    Object {
      "file": "latest-linux.yml",
      "fileContent": Object {
        "files": Array [
          Object {
            "blockMapSize": "@blockMapSize",
            "sha512": "@sha512",
            "size": "@size",
            "url": "TestApp-1.1.0-x86_64.AppImage",
          },
        ],
        "path": "TestApp-1.1.0-x86_64.AppImage",
        "releaseDate": "@releaseDate",
        "sha512": "@sha512",
        "version": "1.1.0",
      },
    },
    Object {
      "file": "latest-linux.yml",
      "fileContent": Object {
        "files": Array [
          Object {
            "blockMapSize": "@blockMapSize",
            "sha512": "@sha512",
            "size": "@size",
            "url": "TestApp-1.1.0-x86_64.AppImage",
          },
        ],
        "path": "TestApp-1.1.0-x86_64.AppImage",
        "releaseDate": "@releaseDate",
        "sha512": "@sha512",
        "version": "1.1.0",
      },
    },
    Object {
      "file": "latest-linux.yml",
      "fileContent": Object {
        "files": Array [
          Object {
            "blockMapSize": "@blockMapSize",
            "sha512": "@sha512",
            "size": "@size",
            "url": "TestApp-1.1.0-x86_64.AppImage",
          },
        ],
        "path": "TestApp-1.1.0-x86_64.AppImage",
        "releaseDate": "@releaseDate",
        "sha512": "@sha512",
        "version": "1.1.0",
      },
    },
  ],
}
`;

exports[`os macro 1`] = `
Object {
  "linux": Array [
    Object {
      "arch": "x64",
      "file": "TestApp-1.1.0.zip",
      "safeArtifactName": "TestApp-1.1.0.zip",
    },
  ],
  "mac": Array [
    Object {
      "arch": "x64",
      "file": "Test App ßW-1.1.0-mac.zip",
      "safeArtifactName": "TestApp-1.1.0-mac.zip",
    },
  ],
}
`;

exports[`os macro 2`] = `
Array [
  "latest/mac/Test App ßW-1.1.0-mac.zip",
  "latest/linux/TestApp-1.1.0.zip",
]
`;
